C51 COMPILER V9.01   KEY_MATRIX                                                            11/16/2019 11:20:12 PAGE 1   


C51 COMPILER V9.01, COMPILATION OF MODULE KEY_MATRIX
OBJECT MODULE PLACED IN key_matrix.OBJ
COMPILER INVOKED BY: D:\Program Files (x86)\keil\C51\BIN\C51.EXE key_matrix.c BROWSE DEBUG OBJECTEXTEND

line level    source

   1          #include"reg51.h"
   2          #include"1602.h"
   3          #include"key_matrix.h"
   4          
   5          char code tab[4][4]={   
   6                                                          {'1','4','7','.'},
   7                                          {'2','5','8','0'},
   8                                          {'3','6','9','*'},
   9                                          {'A','B','C','D'}
  10                                                  };       //0µΩFµƒ16∏ˆº¸÷≤
  11          
  12          void delay_shiyan(unsigned char a)
  13                  {
  14   1              unsigned char i;
  15   1              while(a--)
  16   1                      for(i=100;i>0;i--)
  17   1                              ;
  18   1              }
  19          
  20          char kbscan()          //º¸≈Ã…®√Ë
  21                  {
  22   1              unsigned char hang,lie,key;
  23   1              if(P1!=0x0f)
  24   1              delay_shiyan(5);
  25   1              if(P1!=0x0f)
  26   1                      {
  27   2                      switch(P1&0x0f)
  28   2                                      {
  29   3                                      case 0x0e:lie=0;break;
  30   3                                      case 0x0d:lie=1;break;
  31   3                                      case 0x0b:lie=2;break;
  32   3                                      case 7:lie=3;break;
  33   3                                      }
  34   2                      P1=0xf0;
  35   2                      P1=0xf0;
  36   2                      switch(P1&0xf0)
  37   2                                      {
  38   3                                      case 0xe0:hang=0;break;
  39   3                                      case 0xd0:hang=1;break;
  40   3                                      case 0xb0:hang=2;break;
  41   3                                      case 0x70:hang=3;break;
  42   3                                      }
  43   2                      P1=0x0f;
  44   2                      while(P1!=0x0f);
  45   2                      key=tab[hang][lie];
  46   2                      }
  47   1              else
  48   1                      key=0;
  49   1              return (key);
  50   1              }
  51          
  52          
  53          
  54          
  55          
C51 COMPILER V9.01   KEY_MATRIX                                                            11/16/2019 11:20:12 PAGE 2   



MODULE INFORMATION:   STATIC OVERLAYABLE
   CODE SIZE        =    162    ----
   CONSTANT SIZE    =     16    ----
   XDATA SIZE       =   ----    ----
   PDATA SIZE       =   ----    ----
   DATA SIZE        =   ----       3
   IDATA SIZE       =   ----    ----
   BIT SIZE         =   ----    ----
END OF MODULE INFORMATION.


C51 COMPILATION COMPLETE.  0 WARNING(S),  0 ERROR(S)
